// Jest Snapshot v1, https://goo.gl/fbAQLP

exports[`<NotFoundPage /> should match SnapShot 1`] = `
ShallowWrapper {
  "length": 1,
  Symbol(enzyme.__root__): [Circular],
  Symbol(enzyme.__unrendered__): <NotFoundPage />,
  Symbol(enzyme.__renderer__): Object {
    "batchedUpdates": [Function],
    "getNode": [Function],
    "render": [Function],
    "simulateEvent": [Function],
    "unmount": [Function],
  },
  Symbol(enzyme.__node__): Object {
    "instance": null,
    "key": undefined,
    "nodeType": "host",
    "props": Object {
      "children": Array [
        <div
          className="cui-panel__main"
>
          <i
                    className="cui-panel__image icon icon-warning_100"
          />
          <div
                    className="cui-panel__title"
          >
                    404 Not Found
          </div>
          <div
                    className="cui-panel__message"
          >
                    The page you requested cannot be found.
          </div>
          <div
                    className="cui-panel__cta"
          >
                    <Link
                              className="cui-button cui-button--blue"
                              replace={false}
                              to="/"
                    >
                              Go back to homepage
                    </Link>
          </div>
          <div
                    className="cui-panel__secondary-action"
          >
                    <a
                              href="#"
                    >
                              Contact Support
                    </a>
          </div>
</div>,
        <div
          className="cui-panel__footer"
>
          <div
                    className="footer__logo"
          >
                    <i
                              className="icon icon-cisco-logo"
                    />
          </div>
          <div
                    className="footer__copyright"
          >
                    © 2018 Cisco and/or affiliates. All rights reserved.
          </div>
</div>,
      ],
      "className": "cui-panel cui-panel--message cui-panel--full",
    },
    "ref": null,
    "rendered": Array [
      Object {
        "instance": null,
        "key": undefined,
        "nodeType": "host",
        "props": Object {
          "children": Array [
            <i
              className="cui-panel__image icon icon-warning_100"
/>,
            <div
              className="cui-panel__title"
>
              404 Not Found
</div>,
            <div
              className="cui-panel__message"
>
              The page you requested cannot be found.
</div>,
            <div
              className="cui-panel__cta"
>
              <Link
                            className="cui-button cui-button--blue"
                            replace={false}
                            to="/"
              >
                            Go back to homepage
              </Link>
</div>,
            <div
              className="cui-panel__secondary-action"
>
              <a
                            href="#"
              >
                            Contact Support
              </a>
</div>,
          ],
          "className": "cui-panel__main",
        },
        "ref": null,
        "rendered": Array [
          Object {
            "instance": null,
            "key": undefined,
            "nodeType": "host",
            "props": Object {
              "className": "cui-panel__image icon icon-warning_100",
            },
            "ref": null,
            "rendered": null,
            "type": "i",
          },
          Object {
            "instance": null,
            "key": undefined,
            "nodeType": "host",
            "props": Object {
              "children": "404 Not Found",
              "className": "cui-panel__title",
            },
            "ref": null,
            "rendered": "404 Not Found",
            "type": "div",
          },
          Object {
            "instance": null,
            "key": undefined,
            "nodeType": "host",
            "props": Object {
              "children": "The page you requested cannot be found.",
              "className": "cui-panel__message",
            },
            "ref": null,
            "rendered": "The page you requested cannot be found.",
            "type": "div",
          },
          Object {
            "instance": null,
            "key": undefined,
            "nodeType": "host",
            "props": Object {
              "children": <Link
                className="cui-button cui-button--blue"
                replace={false}
                to="/"
>
                Go back to homepage
</Link>,
              "className": "cui-panel__cta",
            },
            "ref": null,
            "rendered": Object {
              "instance": null,
              "key": undefined,
              "nodeType": "class",
              "props": Object {
                "children": "Go back to homepage",
                "className": "cui-button cui-button--blue",
                "replace": false,
                "to": "/",
              },
              "ref": null,
              "rendered": "Go back to homepage",
              "type": [Function],
            },
            "type": "div",
          },
          Object {
            "instance": null,
            "key": undefined,
            "nodeType": "host",
            "props": Object {
              "children": <a
                href="#"
>
                Contact Support
</a>,
              "className": "cui-panel__secondary-action",
            },
            "ref": null,
            "rendered": Object {
              "instance": null,
              "key": undefined,
              "nodeType": "host",
              "props": Object {
                "children": "Contact Support",
                "href": "#",
              },
              "ref": null,
              "rendered": "Contact Support",
              "type": "a",
            },
            "type": "div",
          },
        ],
        "type": "div",
      },
      Object {
        "instance": null,
        "key": undefined,
        "nodeType": "host",
        "props": Object {
          "children": Array [
            <div
              className="footer__logo"
>
              <i
                            className="icon icon-cisco-logo"
              />
</div>,
            <div
              className="footer__copyright"
>
              © 2018 Cisco and/or affiliates. All rights reserved.
</div>,
          ],
          "className": "cui-panel__footer",
        },
        "ref": null,
        "rendered": Array [
          Object {
            "instance": null,
            "key": undefined,
            "nodeType": "host",
            "props": Object {
              "children": <i
                className="icon icon-cisco-logo"
/>,
              "className": "footer__logo",
            },
            "ref": null,
            "rendered": Object {
              "instance": null,
              "key": undefined,
              "nodeType": "host",
              "props": Object {
                "className": "icon icon-cisco-logo",
              },
              "ref": null,
              "rendered": null,
              "type": "i",
            },
            "type": "div",
          },
          Object {
            "instance": null,
            "key": undefined,
            "nodeType": "host",
            "props": Object {
              "children": "© 2018 Cisco and/or affiliates. All rights reserved.",
              "className": "footer__copyright",
            },
            "ref": null,
            "rendered": "© 2018 Cisco and/or affiliates. All rights reserved.",
            "type": "div",
          },
        ],
        "type": "div",
      },
    ],
    "type": "div",
  },
  Symbol(enzyme.__nodes__): Array [
    Object {
      "instance": null,
      "key": undefined,
      "nodeType": "host",
      "props": Object {
        "children": Array [
          <div
            className="cui-panel__main"
>
            <i
                        className="cui-panel__image icon icon-warning_100"
            />
            <div
                        className="cui-panel__title"
            >
                        404 Not Found
            </div>
            <div
                        className="cui-panel__message"
            >
                        The page you requested cannot be found.
            </div>
            <div
                        className="cui-panel__cta"
            >
                        <Link
                                    className="cui-button cui-button--blue"
                                    replace={false}
                                    to="/"
                        >
                                    Go back to homepage
                        </Link>
            </div>
            <div
                        className="cui-panel__secondary-action"
            >
                        <a
                                    href="#"
                        >
                                    Contact Support
                        </a>
            </div>
</div>,
          <div
            className="cui-panel__footer"
>
            <div
                        className="footer__logo"
            >
                        <i
                                    className="icon icon-cisco-logo"
                        />
            </div>
            <div
                        className="footer__copyright"
            >
                        © 2018 Cisco and/or affiliates. All rights reserved.
            </div>
</div>,
        ],
        "className": "cui-panel cui-panel--message cui-panel--full",
      },
      "ref": null,
      "rendered": Array [
        Object {
          "instance": null,
          "key": undefined,
          "nodeType": "host",
          "props": Object {
            "children": Array [
              <i
                className="cui-panel__image icon icon-warning_100"
/>,
              <div
                className="cui-panel__title"
>
                404 Not Found
</div>,
              <div
                className="cui-panel__message"
>
                The page you requested cannot be found.
</div>,
              <div
                className="cui-panel__cta"
>
                <Link
                                className="cui-button cui-button--blue"
                                replace={false}
                                to="/"
                >
                                Go back to homepage
                </Link>
</div>,
              <div
                className="cui-panel__secondary-action"
>
                <a
                                href="#"
                >
                                Contact Support
                </a>
</div>,
            ],
            "className": "cui-panel__main",
          },
          "ref": null,
          "rendered": Array [
            Object {
              "instance": null,
              "key": undefined,
              "nodeType": "host",
              "props": Object {
                "className": "cui-panel__image icon icon-warning_100",
              },
              "ref": null,
              "rendered": null,
              "type": "i",
            },
            Object {
              "instance": null,
              "key": undefined,
              "nodeType": "host",
              "props": Object {
                "children": "404 Not Found",
                "className": "cui-panel__title",
              },
              "ref": null,
              "rendered": "404 Not Found",
              "type": "div",
            },
            Object {
              "instance": null,
              "key": undefined,
              "nodeType": "host",
              "props": Object {
                "children": "The page you requested cannot be found.",
                "className": "cui-panel__message",
              },
              "ref": null,
              "rendered": "The page you requested cannot be found.",
              "type": "div",
            },
            Object {
              "instance": null,
              "key": undefined,
              "nodeType": "host",
              "props": Object {
                "children": <Link
                  className="cui-button cui-button--blue"
                  replace={false}
                  to="/"
>
                  Go back to homepage
</Link>,
                "className": "cui-panel__cta",
              },
              "ref": null,
              "rendered": Object {
                "instance": null,
                "key": undefined,
                "nodeType": "class",
                "props": Object {
                  "children": "Go back to homepage",
                  "className": "cui-button cui-button--blue",
                  "replace": false,
                  "to": "/",
                },
                "ref": null,
                "rendered": "Go back to homepage",
                "type": [Function],
              },
              "type": "div",
            },
            Object {
              "instance": null,
              "key": undefined,
              "nodeType": "host",
              "props": Object {
                "children": <a
                  href="#"
>
                  Contact Support
</a>,
                "className": "cui-panel__secondary-action",
              },
              "ref": null,
              "rendered": Object {
                "instance": null,
                "key": undefined,
                "nodeType": "host",
                "props": Object {
                  "children": "Contact Support",
                  "href": "#",
                },
                "ref": null,
                "rendered": "Contact Support",
                "type": "a",
              },
              "type": "div",
            },
          ],
          "type": "div",
        },
        Object {
          "instance": null,
          "key": undefined,
          "nodeType": "host",
          "props": Object {
            "children": Array [
              <div
                className="footer__logo"
>
                <i
                                className="icon icon-cisco-logo"
                />
</div>,
              <div
                className="footer__copyright"
>
                © 2018 Cisco and/or affiliates. All rights reserved.
</div>,
            ],
            "className": "cui-panel__footer",
          },
          "ref": null,
          "rendered": Array [
            Object {
              "instance": null,
              "key": undefined,
              "nodeType": "host",
              "props": Object {
                "children": <i
                  className="icon icon-cisco-logo"
/>,
                "className": "footer__logo",
              },
              "ref": null,
              "rendered": Object {
                "instance": null,
                "key": undefined,
                "nodeType": "host",
                "props": Object {
                  "className": "icon icon-cisco-logo",
                },
                "ref": null,
                "rendered": null,
                "type": "i",
              },
              "type": "div",
            },
            Object {
              "instance": null,
              "key": undefined,
              "nodeType": "host",
              "props": Object {
                "children": "© 2018 Cisco and/or affiliates. All rights reserved.",
                "className": "footer__copyright",
              },
              "ref": null,
              "rendered": "© 2018 Cisco and/or affiliates. All rights reserved.",
              "type": "div",
            },
          ],
          "type": "div",
        },
      ],
      "type": "div",
    },
  ],
  Symbol(enzyme.__options__): Object {
    "adapter": ReactSixteenAdapter {
      "options": Object {
        "enableComponentDidUpdateOnSetState": true,
      },
    },
  },
}
`;
